// Vitest Snapshot v1, https://vitest.dev/guide/snapshot.html

exports[`assignment engine > produces a stable assignment fingerprint for every program 1`] = `
{
  "aa-bs-2526": "slots=28 satisfiers=28 units=99",
  "aa-ms-2526": "slots=7 satisfiers=8 units=27",
  "anthro-ba-2526": "slots=5 satisfiers=5 units=17",
  "anthro-minor-2526": "slots=0 satisfiers=0 units=0",
  "arthist-ba-2526": "slots=11 satisfiers=19 units=47",
  "bio-bs-2526": "slots=3 satisfiers=3 units=9",
  "bio-minor-2526": "slots=1 satisfiers=2 units=8",
  "bio-ms-2526": "slots=17 satisfiers=17 units=77",
  "bioc-bs-2526": "slots=21 satisfiers=22 units=86",
  "bioe-bs-2526": "slots=26 satisfiers=26 units=102",
  "bioe-ms-2526": "slots=5 satisfiers=5 units=13",
  "bmds-ms-2526": "slots=9 satisfiers=9 units=34",
  "cee-bs-2526": "slots=19 satisfiers=19 units=74",
  "cee-ms-2526": "slots=0 satisfiers=0 units=0",
  "chem-bs-2526": "slots=8 satisfiers=8 units=31",
  "chem-minor-2526": "slots=5 satisfiers=5 units=22",
  "chemeng-bs-2526": "slots=24 satisfiers=24 units=100",
  "chemeng-ms-2526": "slots=2 satisfiers=2 units=4",
  "cme-ms-2526": "slots=0 satisfiers=0 units=0",
  "comm-ba-2526": "slots=10 satisfiers=10 units=39",
  "comm-ma-2526": "slots=0 satisfiers=0 units=0",
  "comm-minor-2526": "slots=5 satisfiers=5 units=25",
  "complit-minor-2526": "slots=2 satisfiers=2 units=10",
  "crwrit-minor-2526": "slots=0 satisfiers=0 units=0",
  "cs-bs-2526": "slots=17 satisfiers=17 units=75",
  "cs-minor-2526": "slots=7 satisfiers=7 units=29",
  "cs-ms-2526": "slots=8 satisfiers=8 units=12",
  "csre-ba-2526": "slots=5 satisfiers=5 units=23",
  "datasci-bs-2526": "slots=17 satisfiers=17 units=63",
  "datasci-minor-2526": "slots=6 satisfiers=6 units=27",
  "design-bs-2526": "slots=23 satisfiers=26 units=91",
  "design-ms-2526": "slots=11 satisfiers=11 units=35",
  "earthsys-bs-2526": "slots=10 satisfiers=10 units=33",
  "earthsys-minor-2526": "slots=0 satisfiers=0 units=0",
  "econ-ba-2526": "slots=10 satisfiers=11 units=53",
  "econ-bs-2526": "slots=14 satisfiers=14 units=60",
  "econ-minor-2526": "slots=6 satisfiers=6 units=30",
  "ee-bs-2526": "slots=21 satisfiers=21 units=84",
  "ee-minor-2526": "slots=3 satisfiers=3 units=13",
  "ee-ms-2526": "slots=1 satisfiers=1 units=3",
  "energy-bs-2526": "slots=26 satisfiers=26 units=98",
  "energy-minor-2526": "slots=4 satisfiers=4 units=15",
  "english-ba-2526": "slots=8 satisfiers=8 units=42",
  "english-minor-2526": "slots=2 satisfiers=2 units=9",
  "ethso-minor-2526": "slots=0 satisfiers=0 units=0",
  "film-minor-2526": "slots=7 satisfiers=7 units=30",
  "geoph-minor-2526": "slots=5 satisfiers=5 units=21",
  "history-ba-2526": "slots=5 satisfiers=5 units=22",
  "history-ma-2526": "slots=0 satisfiers=0 units=0",
  "history-minor-2526": "slots=0 satisfiers=0 units=0",
  "humbi-bs-2526": "slots=13 satisfiers=15 units=49",
  "humbi-minor-2526": "slots=3 satisfiers=3 units=15",
  "humrts-minor-2526": "slots=5 satisfiers=5 units=24",
  "intlpol-ma-2526": "slots=9 satisfiers=9 units=32",
  "intlr-minor-2526": "slots=1 satisfiers=1 units=5",
  "ir-ba-2526": "slots=9 satisfiers=9 units=27",
  "ling-ba-2526": "slots=8 satisfiers=8 units=24",
  "ling-minor-2526": "slots=4 satisfiers=4 units=16",
  "math-bs-2526": "slots=7 satisfiers=8 units=32",
  "math-minor-2526": "slots=0 satisfiers=0 units=0",
  "matsci-bs-2526": "slots=22 satisfiers=23 units=88",
  "matsci-minor-2526": "slots=2 satisfiers=2 units=7",
  "matsci-ms-2526": "slots=0 satisfiers=0 units=0",
  "me-bs-2526": "slots=28 satisfiers=28 units=105",
  "me-minor-2526": "slots=0 satisfiers=0 units=0",
  "me-ms-2526": "slots=5 satisfiers=5 units=18",
  "mse-bs-2526": "slots=22 satisfiers=23 units=90",
  "mse-minor-2526": "slots=7 satisfiers=7 units=20",
  "mse-ms-2526": "slots=3 satisfiers=3 units=10",
  "music-ba-2526": "slots=15 satisfiers=15 units=46",
  "music-minor-2526": "slots=3 satisfiers=3 units=10",
  "phil-ba-2526": "slots=0 satisfiers=0 units=0",
  "phil-minor-2526": "slots=2 satisfiers=2 units=9",
  "phys-bs-2526": "slots=17 satisfiers=17 units=70",
  "phys-minor-2526": "slots=12 satisfiers=13 units=32",
  "polisci-ba-2526": "slots=5 satisfiers=5 units=24",
  "polisci-minor-2526": "slots=1 satisfiers=1 units=5",
  "psych-ba-2526": "slots=6 satisfiers=7 units=29",
  "psych-minor-2526": "slots=6 satisfiers=6 units=25",
  "publpol-ba-2526": "slots=10 satisfiers=10 units=48",
  "publpol-ma-2526": "slots=0 satisfiers=0 units=0",
  "pubpol-minor-2526": "slots=7 satisfiers=7 units=32",
  "socio-ba-2526": "slots=0 satisfiers=0 units=0",
  "socio-ma-2526": "slots=2 satisfiers=2 units=8",
  "socio-minor-2526": "slots=0 satisfiers=0 units=0",
  "stats-minor-2526": "slots=3 satisfiers=3 units=13",
  "stats-ms-2526": "slots=11 satisfiers=13 units=27",
  "sts-ba-2526": "slots=4 satisfiers=4 units=16",
  "sts-bs-2526": "slots=4 satisfiers=4 units=16",
  "symbo-bs-2526": "slots=17 satisfiers=17 units=70",
  "symbo-minor-2526": "slots=0 satisfiers=0 units=0",
  "symbo-ms-2526": "slots=5 satisfiers=5 units=17",
  "urbanst-ba-2526": "slots=12 satisfiers=13 units=46",
}
`;

exports[`assignment engine > totals section units consistently across every program 1`] = `
{
  "aa-bs-2526": 99,
  "aa-ms-2526": 27,
  "anthro-ba-2526": 17,
  "anthro-minor-2526": 0,
  "arthist-ba-2526": 85,
  "bio-bs-2526": 6,
  "bio-minor-2526": 8,
  "bio-ms-2526": 77,
  "bioc-bs-2526": 86,
  "bioe-bs-2526": 102,
  "bioe-ms-2526": 13,
  "bmds-ms-2526": 34,
  "cee-bs-2526": 74,
  "cee-ms-2526": 0,
  "chem-bs-2526": 31,
  "chem-minor-2526": 22,
  "chemeng-bs-2526": 100,
  "chemeng-ms-2526": 4,
  "cme-ms-2526": 0,
  "comm-ba-2526": 44,
  "comm-ma-2526": 0,
  "comm-minor-2526": 25,
  "complit-minor-2526": 10,
  "crwrit-minor-2526": 0,
  "cs-bs-2526": 75,
  "cs-minor-2526": 34,
  "cs-ms-2526": 32,
  "csre-ba-2526": 23,
  "datasci-bs-2526": 63,
  "datasci-minor-2526": 27,
  "design-bs-2526": 91,
  "design-ms-2526": 35,
  "earthsys-bs-2526": 33,
  "earthsys-minor-2526": 0,
  "econ-ba-2526": 53,
  "econ-bs-2526": 60,
  "econ-minor-2526": 30,
  "ee-bs-2526": 84,
  "ee-minor-2526": 13,
  "ee-ms-2526": 3,
  "energy-bs-2526": 98,
  "energy-minor-2526": 15,
  "english-ba-2526": 42,
  "english-minor-2526": 9,
  "ethso-minor-2526": 0,
  "film-minor-2526": 30,
  "geoph-minor-2526": 21,
  "history-ba-2526": 22,
  "history-ma-2526": 0,
  "history-minor-2526": 0,
  "humbi-bs-2526": 49,
  "humbi-minor-2526": 15,
  "humrts-minor-2526": 24,
  "intlpol-ma-2526": 32,
  "intlr-minor-2526": 5,
  "ir-ba-2526": 32,
  "ling-ba-2526": 24,
  "ling-minor-2526": 16,
  "math-bs-2526": 32,
  "math-minor-2526": 0,
  "matsci-bs-2526": 88,
  "matsci-minor-2526": 7,
  "matsci-ms-2526": 0,
  "me-bs-2526": 105,
  "me-minor-2526": 0,
  "me-ms-2526": 18,
  "mse-bs-2526": 90,
  "mse-minor-2526": 30,
  "mse-ms-2526": 10,
  "music-ba-2526": 46,
  "music-minor-2526": 10,
  "phil-ba-2526": 0,
  "phil-minor-2526": 9,
  "phys-bs-2526": 67,
  "phys-minor-2526": 47,
  "polisci-ba-2526": 19,
  "polisci-minor-2526": 5,
  "psych-ba-2526": 29,
  "psych-minor-2526": 25,
  "publpol-ba-2526": 48,
  "publpol-ma-2526": 0,
  "pubpol-minor-2526": 32,
  "socio-ba-2526": 0,
  "socio-ma-2526": 8,
  "socio-minor-2526": 0,
  "stats-minor-2526": 13,
  "stats-ms-2526": 52,
  "sts-ba-2526": 16,
  "sts-bs-2526": 16,
  "symbo-bs-2526": 70,
  "symbo-minor-2526": 0,
  "symbo-ms-2526": 17,
  "urbanst-ba-2526": 51,
}
`;

exports[`unit formulas: interactive vs printable > records where they diverge when card units are missing 1`] = `{}`;
